// Jest Snapshot v1, https://goo.gl/fbAQLP

exports[`UserComponent should match snapshot 1`] = `<!---->`;
