// Jest Snapshot v1, https://goo.gl/fbAQLP

exports[`EmptyComponent should match snapshot 1`] = `
<p>
  
  Lorem ipsum dolor sit amet consectetur adipisicing elit. Molestias
  repudiandae quasi, eligendi in tempora veritatis sapiente alias modi, saepe
  possimus, odio ex labore sint facilis voluptatem officia ea iusto maxime.

</p>
`;
